// Jest Snapshot v1, https://goo.gl/fbAQLP

exports[`src/components/Header <Header /> snapshots should match the snapshot with default props 1`] = `
ShallowWrapper {
  "length": 1,
  Symbol(enzyme.__root__): [Circular],
  Symbol(enzyme.__unrendered__): <Header
    layout={
      Object {
        "page": Object {
          "title": "Some catchy title",
        },
      }
    }
  />,
  Symbol(enzyme.__renderer__): Object {
    "batchedUpdates": [Function],
    "getNode": [Function],
    "render": [Function],
    "simulateEvent": [Function],
    "unmount": [Function],
  },
  Symbol(enzyme.__node__): Object {
    "instance": null,
    "key": undefined,
    "nodeType": "class",
    "props": Object {
      "children": <WithStyles(Toolbar)>
        <WithStyles(Typography)
          color="inherit"
          variant="title"
        >
          Some catchy title
        </WithStyles(Typography)>
      </WithStyles(Toolbar)>,
    },
    "ref": null,
    "rendered": Object {
      "instance": null,
      "key": undefined,
      "nodeType": "class",
      "props": Object {
        "children": <WithStyles(Typography)
          color="inherit"
          variant="title"
        >
          Some catchy title
        </WithStyles(Typography)>,
      },
      "ref": null,
      "rendered": Object {
        "instance": null,
        "key": undefined,
        "nodeType": "class",
        "props": Object {
          "children": "Some catchy title",
          "color": "inherit",
          "variant": "title",
        },
        "ref": null,
        "rendered": "Some catchy title",
        "type": [Function],
      },
      "type": [Function],
    },
    "type": [Function],
  },
  Symbol(enzyme.__nodes__): Array [
    Object {
      "instance": null,
      "key": undefined,
      "nodeType": "class",
      "props": Object {
        "children": <WithStyles(Toolbar)>
          <WithStyles(Typography)
            color="inherit"
            variant="title"
          >
            Some catchy title
          </WithStyles(Typography)>
        </WithStyles(Toolbar)>,
      },
      "ref": null,
      "rendered": Object {
        "instance": null,
        "key": undefined,
        "nodeType": "class",
        "props": Object {
          "children": <WithStyles(Typography)
            color="inherit"
            variant="title"
          >
            Some catchy title
          </WithStyles(Typography)>,
        },
        "ref": null,
        "rendered": Object {
          "instance": null,
          "key": undefined,
          "nodeType": "class",
          "props": Object {
            "children": "Some catchy title",
            "color": "inherit",
            "variant": "title",
          },
          "ref": null,
          "rendered": "Some catchy title",
          "type": [Function],
        },
        "type": [Function],
      },
      "type": [Function],
    },
  ],
  Symbol(enzyme.__options__): Object {
    "adapter": ReactSixteenAdapter {
      "options": Object {
        "enableComponentDidUpdateOnSetState": true,
      },
    },
  },
}
`;
